// Jest Snapshot v1, https://goo.gl/fbAQLP

exports[`ObjectInspector Content should render with Maps with Regex and Maps keys 1`] = `"<ol role=\\"tree\\" style=\\"padding: 0px; margin: 0px; list-style-type: none;\\"><li aria-expanded=\\"true\\" role=\\"treeitem\\" style=\\"color: black; background-color: white; line-height: 1.2; cursor: default; box-sizing: border-box; list-style: none; font-family: Menlo, monospace; font-size: 11px;\\"><div><span style=\\"color: rgb(110, 110, 110); display: inline-block; font-size: 12px; margin-right: 3px; user-select: none; transform: rotateZ(90deg);\\">▶</span><span style=\\"font-style: italic;\\">Map </span><span style=\\"font-style: italic;\\">{}</span></div><ol role=\\"group\\" style=\\"margin: 0px; padding-left: 12px;\\"><li aria-expanded=\\"false\\" role=\\"treeitem\\" style=\\"color: black; background-color: white; line-height: 1.2; cursor: default; box-sizing: border-box; list-style: none; font-family: Menlo, monospace; font-size: 11px;\\"><div><span style=\\"white-space: pre; visibility: hidden; font-size: 12px; margin-right: 3px; user-select: none;\\">▶</span><span><span style=\\"color: rgb(196, 26, 22);\\">/\\\\S/g</span><span>: </span><span style=\\"color: rgb(196, 26, 22);\\">\\"Regular Expression key\\"</span></span></div><ol role=\\"group\\" style=\\"margin: 0px; padding-left: 12px;\\"></ol></li></ol></li></ol>"`;

exports[`ObjectInspector passes \`nodeRenderer\` prop to <TreeView/> 1`] = `
<ol
  role="tree"
  style={
    Object {
      "listStyleType": "none",
      "margin": 0,
      "padding": 0,
    }
  }
>
  <li
    aria-expanded={false}
    role="treeitem"
    style={
      Object {
        "backgroundColor": "white",
        "boxSizing": "border-box",
        "color": "black",
        "cursor": "default",
        "fontFamily": "Menlo, monospace",
        "fontSize": "11px",
        "lineHeight": 1.2,
        "listStyle": "none",
      }
    }
  >
    <div
      onClick={[Function]}
      style={Object {}}
    >
      <span>
        unit test
      </span>
    </div>
    <ol
      role="group"
      style={
        Object {
          "margin": 0,
          "paddingLeft": 12,
        }
      }
    />
  </li>
</ol>
`;

exports[`ObjectInspector should render 1`] = `
<ol
  role="tree"
  style={
    Object {
      "listStyleType": "none",
      "margin": 0,
      "padding": 0,
    }
  }
>
  <li
    aria-expanded={false}
    role="treeitem"
    style={
      Object {
        "backgroundColor": "white",
        "boxSizing": "border-box",
        "color": "black",
        "cursor": "default",
        "fontFamily": "Menlo, monospace",
        "fontSize": "11px",
        "lineHeight": 1.2,
        "listStyle": "none",
      }
    }
  >
    <div
      onClick={[Function]}
      style={Object {}}
    >
      <span
        style={
          Object {
            "color": "rgb(128, 128, 128)",
          }
        }
      >
        undefined
      </span>
    </div>
    <ol
      role="group"
      style={
        Object {
          "margin": 0,
          "paddingLeft": 12,
        }
      }
    />
  </li>
</ol>
`;
